Microchip MPLAB XC8 Compiler V2.30

Linker command line:

-W-3 --edf=/Applications/microchip/xc8/v2.30/pic/dat/en_msgs.txt -cn \
  -h+dist/default/production/the3.X.X.production.sym \
  --cmf=dist/default/production/the3.X.X.production.cmf -z -Q18F4620 \
  -o/tmp/xchwiQ3lW --defsym=__MPLAB_BUILD=1 \
  -Mdist/default/production/the3.X.X.production.map -E1 -ver=XC8 Compiler \
  --acfsm=1493 -ASTACK=013Ch-0F7Fh -pstack=STACK -ACODE=00h-0FFFFh \
  -ACONST=00h-0FFFFh -ASMALLCONST=01000h-010FFhx240 \
  -AMEDIUMCONST=01000h-0FFFFh -ACOMRAM=01h-07Fh -AABS1=00h-0F7Fh \
  -ABIGRAM=01h-0F7Fh -ARAM=080h-0FFh,0100h-01FFhx14,0F00h-0F7Fh \
  -ABANK0=080h-0FFh -ABANK1=0100h-01FFh -ABANK2=0200h-02FFh \
  -ABANK3=0300h-03FFh -ABANK4=0400h-04FFh -ABANK5=0500h-05FFh \
  -ABANK6=0600h-06FFh -ABANK7=0700h-07FFh -ABANK8=0800h-08FFh \
  -ABANK9=0900h-09FFh -ABANK10=0A00h-0AFFh -ABANK11=0B00h-0BFFh \
  -ABANK12=0C00h-0CFFh -ABANK13=0D00h-0DFFh -ABANK14=0E00h-0EFFh \
  -ABANK15=0F00h-0F7Fh -ASFR=0F80h-0FFFh -ACONFIG=0300000h-030000Dh \
  -AIDLOC=0200000h-0200007h -AEEDATA=0F00000h-0F003FFh -peeprom_data=EEDATA \
  -preset_vec=00h,intcode=08h,intcodelo,powerup,init -pramtop=01000h \
  -psmallconst=SMALLCONST -pmediumconst=MEDIUMCONST -pconst=CONST \
  -AFARRAM=00h-00h \
  -prdata=COMRAM,nvrram=COMRAM,nvbit=COMRAM,rbss=COMRAM,rbit=COMRAM \
  -pfarbss=FARRAM,fardata=FARRAM,nvFARRAM=FARRAM \
  -pintsave_regs=BIGRAM,bigbss=BIGRAM,bigdata=BIGRAM -pbss=RAM \
  -pidata=CODE,irdata=CODE,ibigdata=CODE,ifardata=CODE -prparam=COMRAM \
  /tmp/xcWztBrCZ.o dist/default/production/the3.X.X.production.o 

Object code version is 3.11

Machine type is 18F4620



                Name                               Link     Load   Length Selector   Space Scale
/tmp/xcWztBrCZ.o
                idloc                            200000   200000        8        0       5
                config                           300000   300000        E        0       4
                init                                  E        E        4        4       0
                reset_vec                             0        0        4        0       0
dist/default/production/the3.X.X.production.o
                intcode                               8        8        6        4       0
                idloc                            200000   200000        8        0       5
                config                           300000   300000        E        0       4
                temp                                 66       66        1        1       1
                text11                              8C2      8C2       26        4       0
                text10                              8FC      8FC        2      47E       0
                text9                                12       12      358        4       0
                intcode_body                        512      512      10E        4       0
                text7                               890      890       32        4       0
                text6                               6A6      6A6       78        4       0
                text5                               8E8      8E8        C        4       0
                text4                               85E      85E       32        4       0
                text3                               82A      82A       34        4       0
                text2                               7EA      7EA       40        4       0
                text1                               620      620       86        4       0
                text0                               36A      36A      1A8        4       0
                cstackCOMRAM                         33       33       2C        1       1
                cstackBANK0                          EA       EA       16       80       1
                bssBANK1                            100      100       3C      100       1
                dataBANK0                            80       80       6A       80       1
                dataCOMRAM                           5F       5F        7        1       1
                bssCOMRAM                             1        1       32        1       1
                cinit                               788      788       62        4       0
                idataBANK0                          71E      71E       6A        4       0
                idataCOMRAM                         8F4      8F4        7        4       0

TOTAL           Name                               Link     Load   Length     Space
        CLASS   STACK          

        CLASS   CODE           
                intcode                               8        8        6         0
                init                                  E        E        4         0
                reset_vec                             0        0        4         0
                text11                              8C2      8C2       26         0
                text10                              8FC      8FC        2         0
                text9                                12       12      358         0
                intcode_body                        512      512      10E         0
                text7                               890      890       32         0
                text6                               6A6      6A6       78         0
                text5                               8E8      8E8        C         0
                text4                               85E      85E       32         0
                text3                               82A      82A       34         0
                text2                               7EA      7EA       40         0
                text1                               620      620       86         0
                text0                               36A      36A      1A8         0
                cinit                               788      788       62         0
                idataBANK0                          71E      71E       6A         0
                idataCOMRAM                         8F4      8F4        7         0

        CLASS   CONST          

        CLASS   SMALLCONST     

        CLASS   MEDIUMCONST    

        CLASS   COMRAM         
                temp                                 66       66        1         1
                cstackCOMRAM                         33       33       2C         1
                dataCOMRAM                           5F       5F        7         1
                bssCOMRAM                             1        1       32         1

        CLASS   ABS1           

        CLASS   BIGRAM         

        CLASS   RAM            

        CLASS   BANK0          
                cstackBANK0                          EA       EA       16         1
                dataBANK0                            80       80       6A         1

        CLASS   BANK1          
                bssBANK1                            100      100       3C         1

        CLASS   BANK2          

        CLASS   BANK3          

        CLASS   BANK4          

        CLASS   BANK5          

        CLASS   BANK6          

        CLASS   BANK7          

        CLASS   BANK8          

        CLASS   BANK9          

        CLASS   BANK10         

        CLASS   BANK11         

        CLASS   BANK12         

        CLASS   BANK13         

        CLASS   BANK14         

        CLASS   BANK15         

        CLASS   SFR            

        CLASS   CONFIG         
                config                           300000   300000        E         4

        CLASS   IDLOC          
                idloc                            200000   200000        8         5

        CLASS   EEDATA         

        CLASS   FARRAM         



SEGMENTS        Name                           Load    Length   Top    Selector   Space  Class

                reset_vec                      000000  000004  000004         0       0  CODE    
                text10                         0008FC  000002  0008FE       47E       0  CODE    
                bssBANK1                       000100  00003C  00013C       100       1  BANK1   
                intcode                        000008  0008F3  0008FB         4       0  CODE    
                dataBANK0                      000080  000080  000100        80       1  BANK0   
                bssCOMRAM                      000001  000066  000067         1       1  COMRAM  


UNUSED ADDRESS RANGES

        Name                Unused          Largest block    Delta
        BANK1            00013C-0001FF               C4
        BANK10           000A00-000AFF              100
        BANK11           000B00-000BFF              100
        BANK12           000C00-000CFF              100
        BANK13           000D00-000DFF              100
        BANK14           000E00-000EFF              100
        BANK15           000F00-000F7F               80
        BANK2            000200-0002FF              100
        BANK3            000300-0003FF              100
        BANK4            000400-0004FF              100
        BANK5            000500-0005FF              100
        BANK6            000600-0006FF              100
        BANK7            000700-0007FF              100
        BANK8            000800-0008FF              100
        BANK9            000900-0009FF              100
        BIGRAM           000067-00007F               19
                         00013C-000F7F              E44
        CODE             000004-000007                4
                         0008FB-0008FB                1
                         0008FE-00FFFF             F702
        COMRAM           000067-00007F               19
        CONST            000004-000007                4
                         0008FB-0008FB                1
                         0008FE-00FFFF             F702
        EEDATA           F00000-F003FF              400
        MEDIUMCONST      001000-00FFFF             F000
        RAM              00013C-000F7F              100
        SFR              000F80-000FFF               80
        SMALLCONST       001000-00FFFF              100
        STACK            00013C-000F7F              E44

                                  Symbol Table

?___wmul                                                   cstackCOMRAM 000033
?_compute_frisbee_target_and_route                         cstackCOMRAM 000035
FNC@i                                                      cstackCOMRAM 00005D
LCDAddSpecialCharacter@character_index                     cstackBANK0  0000EE
LCDAddSpecialCharacter@data                                cstackBANK0  0000EC
LCDAddSpecialCharacter@i                                   cstackBANK0  0000EF
LCDCmd@cmd                                                 cstackBANK0  0000EB
LCDDat@dat                                                 cstackBANK0  0000EB
LCDGoto@p_1                                                cstackBANK0  0000EC
LCDGoto@p_2                                                cstackBANK0  0000ED
_FNC                                                       intcode      000008
_INTCON3bits                                               (abs)        000FF0
_INTCONbits                                                (abs)        000FF2
_InitLCD                                                   text4        00085E
_LATA                                                      (abs)        000F89
_LCDAddSpecialCharacter                                    text2        0007EA
_LCDCmd                                                    text7        000890
_LCDDat                                                    text3        00082A
_LCDGoto                                                   text6        0006A6
_PORTD                                                     (abs)        000F83
_PORTEbits                                                 (abs)        000F84
_TRISAbits                                                 (abs)        000F92
_TRISBbits                                                 (abs)        000F93
_TRISD                                                     (abs)        000F95
_TRISEbits                                                 (abs)        000F96
__HRAM                                                     (abs)        000000
__Habs1                                                    abs1         000000
__Hbank0                                                   bank0        000000
__Hbank1                                                   bank1        000000
__Hbank10                                                  bank10       000000
__Hbank11                                                  bank11       000000
__Hbank12                                                  bank12       000000
__Hbank13                                                  bank13       000000
__Hbank14                                                  bank14       000000
__Hbank15                                                  bank15       000000
__Hbank2                                                   bank2        000000
__Hbank3                                                   bank3        000000
__Hbank4                                                   bank4        000000
__Hbank5                                                   bank5        000000
__Hbank6                                                   bank6        000000
__Hbank7                                                   bank7        000000
__Hbank8                                                   bank8        000000
__Hbank9                                                   bank9        000000
__Hbigbss                                                  bigbss       000000
__Hbigdata                                                 bigdata      000000
__Hbigram                                                  bigram       000000
__Hbss                                                     bss          000000
__HbssBANK1                                                bssBANK1     000000
__HbssCOMRAM                                               bssCOMRAM    000000
__Hcinit                                                   cinit        000000
__Hclrtext                                                 clrtext      000000
__Hcomram                                                  comram       000000
__Hconfig                                                  config       30000E
__Hconst                                                   const        000000
__HcstackBANK0                                             cstackBANK0  000000
__HcstackCOMRAM                                            cstackCOMRAM 000000
__Hdata                                                    data         000000
__HdataBANK0                                               dataBANK0    000000
__HdataCOMRAM                                              dataCOMRAM   000000
__Heeprom_data                                             eeprom_data  000000
__Hfarbss                                                  farbss       000000
__Hfardata                                                 fardata      000000
__Hibigdata                                                ibigdata     000000
__Hidata                                                   idata        000000
__HidataBANK0                                              idataBANK0   000000
__HidataCOMRAM                                             idataCOMRAM  000000
__Hidloc                                                   idloc        200008
__Hifardata                                                ifardata     000000
__Hinit                                                    init         000012
__Hintcode                                                 intcode      00000E
__Hintcode_body                                            intcode_body 000000
__Hintcodelo                                               intcodelo    00000E
__Hintentry                                                intentry     000000
__Hintret                                                  intret       000000
__Hintsave_regs                                            intsave_regs 000000
__Hirdata                                                  irdata       000000
__Hmediumconst                                             mediumconst  000000
__HnvFARRAM                                                nvFARRAM     000000
__Hnvbit                                                   nvbit        000000
__Hnvrram                                                  nvrram       000000
__Hparam                                                   rparam       000000
__Hpowerup                                                 powerup      00000E
__Hram                                                     ram          000000
__Hramtop                                                  ramtop       001000
__Hrbit                                                    rbit         000000
__Hrbss                                                    rbss         000000
__Hrdata                                                   rdata        000000
__Hreset_vec                                               reset_vec    000004
__Hrparam                                                  rparam       000000
__Hsfr                                                     sfr          000000
__Hsmallconst                                              smallconst   000000
__Hspace_0                                                 (abs)        001000
__Hspace_1                                                 (abs)        00013C
__Hspace_2                                                 (abs)        000000
__Hspace_4                                                 (abs)        60000E
__Hstack                                                   stack        000000
__Hstruct                                                  struct       000000
__Htemp                                                    temp         000067
__Htext                                                    text         000000
__Htext0                                                   text0        000000
__Htext1                                                   text1        000000
__Htext10                                                  text10       000000
__Htext11                                                  text11       000000
__Htext2                                                   text2        000000
__Htext3                                                   text3        000000
__Htext4                                                   text4        000000
__Htext5                                                   text5        000000
__Htext6                                                   text6        000000
__Htext7                                                   text7        000000
__Htext9                                                   text9        000000
__LRAM                                                     (abs)        000001
__Labs1                                                    abs1         000000
__Lbank0                                                   bank0        000000
__Lbank1                                                   bank1        000000
__Lbank10                                                  bank10       000000
__Lbank11                                                  bank11       000000
__Lbank12                                                  bank12       000000
__Lbank13                                                  bank13       000000
__Lbank14                                                  bank14       000000
__Lbank15                                                  bank15       000000
__Lbank2                                                   bank2        000000
__Lbank3                                                   bank3        000000
__Lbank4                                                   bank4        000000
__Lbank5                                                   bank5        000000
__Lbank6                                                   bank6        000000
__Lbank7                                                   bank7        000000
__Lbank8                                                   bank8        000000
__Lbank9                                                   bank9        000000
__Lbigbss                                                  bigbss       000000
__Lbigdata                                                 bigdata      000000
__Lbigram                                                  bigram       000000
__Lbss                                                     bss          000000
__LbssBANK1                                                bssBANK1     000000
__LbssCOMRAM                                               bssCOMRAM    000000
__Lcinit                                                   cinit        000000
__Lclrtext                                                 clrtext      000000
__Lcomram                                                  comram       000000
__Lconfig                                                  config       000000
__Lconst                                                   const        000000
__LcstackBANK0                                             cstackBANK0  000000
__LcstackCOMRAM                                            cstackCOMRAM 000000
__Ldata                                                    data         000000
__LdataBANK0                                               dataBANK0    000000
__LdataCOMRAM                                              dataCOMRAM   000000
__Leeprom_data                                             eeprom_data  000000
__Lfarbss                                                  farbss       000000
__Lfardata                                                 fardata      000000
__Libigdata                                                ibigdata     000000
__Lidata                                                   idata        000000
__LidataBANK0                                              idataBANK0   000000
__LidataCOMRAM                                             idataCOMRAM  000000
__Lidloc                                                   idloc        000000
__Lifardata                                                ifardata     000000
__Linit                                                    init         00000E
__Lintcode                                                 intcode      000008
__Lintcode_body                                            intcode_body 000000
__Lintcodelo                                               intcodelo    00000E
__Lintentry                                                intentry     000000
__Lintret                                                  intret       000000
__Lintsave_regs                                            intsave_regs 000000
__Lirdata                                                  irdata       000000
__Lmediumconst                                             mediumconst  000000
__LnvFARRAM                                                nvFARRAM     000000
__Lnvbit                                                   nvbit        000000
__Lnvrram                                                  nvrram       000000
__Lparam                                                   rparam       000000
__Lpowerup                                                 powerup      00000E
__Lram                                                     ram          000000
__Lramtop                                                  ramtop       001000
__Lrbit                                                    rbit         000000
__Lrbss                                                    rbss         000000
__Lrdata                                                   rdata        000000
__Lreset_vec                                               reset_vec    000000
__Lrparam                                                  rparam       000000
__Lsfr                                                     sfr          000000
__Lsmallconst                                              smallconst   000000
__Lspace_0                                                 (abs)        000000
__Lspace_1                                                 (abs)        000000
__Lspace_2                                                 (abs)        000000
__Lspace_4                                                 (abs)        000000
__Lstack                                                   stack        000000
__Lstruct                                                  struct       000000
__Ltemp                                                    temp         000066
__Ltext                                                    text         000000
__Ltext0                                                   text0        000000
__Ltext1                                                   text1        000000
__Ltext10                                                  text10       000000
__Ltext11                                                  text11       000000
__Ltext2                                                   text2        000000
__Ltext3                                                   text3        000000
__Ltext4                                                   text4        000000
__Ltext5                                                   text5        000000
__Ltext6                                                   text6        000000
__Ltext7                                                   text7        000000
__Ltext9                                                   text9        000000
__S0                                                       (abs)        0008FE
__S1                                                       (abs)        00013C
__S2                                                       (abs)        000000
__S4                                                       (abs)        000000
__S5                                                       (abs)        000000
___inthi_sp                                                stack        000000
___intlo_sp                                                stack        000000
___param_bank                                              (abs)        000000
___rparam_used                                             (abs)        000001
___sp                                                      stack        000000
___wmul                                                    text11       0008C2
___wmul@multiplicand                                       cstackCOMRAM 000035
___wmul@multiplier                                         cstackCOMRAM 000033
___wmul@product                                            cstackCOMRAM 000037
__accesstop                                                (abs)        000080
__activetblptr                                             (abs)        000000
__end_of_FNC                                               intcode_body 000620
__end_of_InitLCD                                           text4        000890
__end_of_LCDAddSpecialCharacter                            text2        00082A
__end_of_LCDCmd                                            text7        0008C2
__end_of_LCDDat                                            text3        00085E
__end_of_LCDGoto                                           text6        00071E
__end_of___wmul                                            text11       0008E8
__end_of__initialization                                   cinit        0007E0
__end_of_compute_frisbee_target_and_route                  text9        00036A
__end_of_main                                              text0        000512
__end_of_random_generator                                  text10       0008FE
__end_of_set7Segment                                       text5        0008F4
__end_of_setLCD                                            text1        0006A6
__initialization                                           cinit        000788
__mediumconst                                              mediumconst  000000
__pbssBANK1                                                bssBANK1     000100
__pbssCOMRAM                                               bssCOMRAM    000001
__pcinit                                                   cinit        000788
__pcstackBANK0                                             cstackBANK0  0000EA
__pcstackCOMRAM                                            cstackCOMRAM 000033
__pdataBANK0                                               dataBANK0    000080
__pdataCOMRAM                                              dataCOMRAM   00005F
__pidataBANK0                                              idataBANK0   00071E
__pidataCOMRAM                                             idataCOMRAM  0008F4
__pintcode                                                 intcode      000008
__pintcode_body                                            intcode_body 000512
__ptext0                                                   text0        00036A
__ptext1                                                   text1        000620
__ptext10                                                  text10       0008FC
__ptext11                                                  text11       0008C2
__ptext2                                                   text2        0007EA
__ptext3                                                   text3        00082A
__ptext4                                                   text4        00085E
__ptext5                                                   text5        0008E8
__ptext6                                                   text6        0006A6
__ptext7                                                   text7        000890
__ptext9                                                   text9        000012
__ramtop                                                   ramtop       001000
__size_of_FNC                                              (abs)        000000
__size_of_InitLCD                                          (abs)        000000
__size_of_LCDAddSpecialCharacter                           (abs)        000000
__size_of_LCDCmd                                           (abs)        000000
__size_of_LCDDat                                           (abs)        000000
__size_of_LCDGoto                                          (abs)        000000
__size_of___wmul                                           (abs)        000000
__size_of_compute_frisbee_target_and_route                 (abs)        000000
__size_of_main                                             (abs)        000000
__size_of_random_generator                                 (abs)        000000
__size_of_set7Segment                                      (abs)        000000
__size_of_setLCD                                           (abs)        000000
__smallconst                                               smallconst   000000
_compute_frisbee_target_and_route                          text9        000012
_digits                                                    dataBANK0    0000A4
_frisbee                                                   dataBANK0    0000B2
_frisbee_pos                                               bssCOMRAM    000029
_frisbee_steps                                             bssBANK1     000100
_frisbee_target                                            dataBANK0    0000AA
_frisbee_target_pos                                        bssCOMRAM    000025
_lcd_x                                                     dataCOMRAM   000065
_lcd_y                                                     dataCOMRAM   000064
_main                                                      text0        00036A
_main$556                                                  cstackBANK0  0000F0
_main$557                                                  cstackBANK0  0000F2
_main$558                                                  cstackBANK0  0000F4
_main$559                                                  cstackBANK0  0000F6
_main$560                                                  cstackBANK0  0000F8
_main$561                                                  cstackBANK0  0000FA
_main$562                                                  cstackBANK0  0000FC
_main$563                                                  cstackBANK0  0000FE
_mode                                                      dataCOMRAM   000063
_players                                                   bssCOMRAM    000001
_random_generator                                          text10       0008FC
_selected_player                                           bssCOMRAM    00002D
_selected_teamA_player                                     dataBANK0    0000D2
_selected_teamA_player_with_frisbee                        dataBANK0    0000C2
_selected_teamB_player                                     dataBANK0    0000CA
_selected_teamB_player_with_frisbee                        dataBANK0    0000BA
_set7Segment                                               text5        0008E8
_setLCD                                                    text1        000620
_teamA_player                                              dataBANK0    0000E2
_teamA_score                                               bssCOMRAM    000031
_teamB_player                                              dataBANK0    0000DA
_teamB_score                                               bssCOMRAM    00002F
btemp                                                      temp         000066
compute_frisbee_target_and_route@current_fisbee_x_position cstackCOMRAM 000035
compute_frisbee_target_and_route@current_fisbee_y_position cstackCOMRAM 000037
compute_frisbee_target_and_route@i                         cstackCOMRAM 00003B
compute_frisbee_target_and_route@i_396                     cstackCOMRAM 00003D
compute_frisbee_target_and_route@i_397                     cstackCOMRAM 00003F
compute_frisbee_target_and_route@i_399                     cstackCOMRAM 000041
compute_frisbee_target_and_route@i_400                     cstackCOMRAM 000043
compute_frisbee_target_and_route@i_401                     cstackCOMRAM 000045
compute_frisbee_target_and_route@number_of_steps           cstackCOMRAM 000047
compute_frisbee_target_and_route@target_x                  cstackCOMRAM 000049
compute_frisbee_target_and_route@target_y                  cstackCOMRAM 00004B
compute_frisbee_target_and_route@x                         cstackCOMRAM 00004D
compute_frisbee_target_and_route@x_step_size               cstackCOMRAM 000051
compute_frisbee_target_and_route@y                         cstackCOMRAM 00004F
compute_frisbee_target_and_route@y_step_size               cstackCOMRAM 000053
end_of_initialization                                      cinit        0007E0
initGame@F2530                                             dataBANK0    00009B
initGame@F2532                                             dataBANK0    000092
initGame@F2534                                             dataBANK0    000089
initGame@F2536                                             dataBANK0    000080
initGame@F2538                                             dataCOMRAM   00005F
int$flags                                                  temp         000066
int_func                                                   intcode_body 000512
intlevel0                                                  text         000000
intlevel1                                                  text         000000
intlevel2                                                  text         000000
intlevel3                                                  text         000000
random_generator@modulo                                    cstackCOMRAM 000033
stackhi                                                    (abs)        000F7F
stacklo                                                    (abs)        00013C
start                                                      init         00000E
start_initialization                                       cinit        000788
ttemp5                                                     temp         000067
ttemp6                                                     temp         00006A
ttemp7                                                     temp         00006E
wtemp8                                                     temp         000067


FUNCTION INFORMATION:

 *************** function _main *****************
 Defined at:
		line 136 in file "main.c"
 Parameters:    Size  Location     Type
		None
 Auto vars:     Size  Location     Type
		None
 Return value:  Size  Location     Type
                  1    wreg      void 
 Registers used:
		wreg, fsr2l, fsr2h, status,2, status,0, prodl, prodh, cstack
 Tracked objects:
		On entry : 
		On exit  : 
		Unchanged: 
 Data sizes:     COMRAM   BANK0   BANK1   BANK2   BANK3   BANK4   BANK5   BANK6   BANK7   BANK8   BANK9  BANK10  BANK11  BANK12  BANK13  BANK14  BANK15
      Params:         0       0       0       0       0       0       0       0       0       0       0       0       0       0       0       0       0
      Locals:         0      16       0       0       0       0       0       0       0       0       0       0       0       0       0       0       0
      Temps:          0       0       0       0       0       0       0       0       0       0       0       0       0       0       0       0       0
      Totals:         0      16       0       0       0       0       0       0       0       0       0       0       0       0       0       0       0
Total ram usage:       16 bytes
 Hardware stack levels required when called:    6
 This function calls:
		_LCDDat
		_LCDGoto
		_set7Segment
		_setLCD
 This function is called by:
		Startup code after reset
 This function uses a non-reentrant model


 *************** function _setLCD *****************
 Defined at:
		line 89 in file "main.c"
 Parameters:    Size  Location     Type
		None
 Auto vars:     Size  Location     Type
		None
 Return value:  Size  Location     Type
                  1    wreg      void 
 Registers used:
		wreg, fsr2l, fsr2h, status,2, status,0, prodl, prodh, cstack
 Tracked objects:
		On entry : 
		On exit  : 
		Unchanged: 
 Data sizes:     COMRAM   BANK0   BANK1   BANK2   BANK3   BANK4   BANK5   BANK6   BANK7   BANK8   BANK9  BANK10  BANK11  BANK12  BANK13  BANK14  BANK15
      Params:         0       0       0       0       0       0       0       0       0       0       0       0       0       0       0       0       0
      Locals:         0       0       0       0       0       0       0       0       0       0       0       0       0       0       0       0       0
      Temps:          0       0       0       0       0       0       0       0       0       0       0       0       0       0       0       0       0
      Totals:         0       0       0       0       0       0       0       0       0       0       0       0       0       0       0       0       0
Total ram usage:        0 bytes
 Hardware stack levels used:    1
 Hardware stack levels required when called:    5
 This function calls:
		_InitLCD
		_LCDAddSpecialCharacter
 This function is called by:
		_main
 This function uses a non-reentrant model


 *************** function _LCDAddSpecialCharacter *****************
 Defined at:
		line 129 in file "./lcd.h"
 Parameters:    Size  Location     Type
  character_in    1    wreg     unsigned char 
  data            2    2[BANK0 ] PTR unsigned char 
		 -> frisbee_target(8), frisbee(8), selected_teamB_player_with_frisbee(8), selected_teamB_player(8), 
		 -> teamB_player(8), selected_teamA_player_with_frisbee(8), selected_teamA_player(8), teamA_player(8), 
 Auto vars:     Size  Location     Type
  character_in    1    4[BANK0 ] unsigned char 
  i               1    5[BANK0 ] unsigned char 
 Return value:  Size  Location     Type
                  1    wreg      void 
 Registers used:
		wreg, fsr2l, fsr2h, status,2, status,0, prodl, prodh, cstack
 Tracked objects:
		On entry : 
		On exit  : 
		Unchanged: 
 Data sizes:     COMRAM   BANK0   BANK1   BANK2   BANK3   BANK4   BANK5   BANK6   BANK7   BANK8   BANK9  BANK10  BANK11  BANK12  BANK13  BANK14  BANK15
      Params:         0       2       0       0       0       0       0       0       0       0       0       0       0       0       0       0       0
      Locals:         0       2       0       0       0       0       0       0       0       0       0       0       0       0       0       0       0
      Temps:          0       0       0       0       0       0       0       0       0       0       0       0       0       0       0       0       0
      Totals:         0       4       0       0       0       0       0       0       0       0       0       0       0       0       0       0       0
Total ram usage:        4 bytes
 Hardware stack levels used:    1
 Hardware stack levels required when called:    4
 This function calls:
		_LCDCmd
		_LCDDat
 This function is called by:
		_setLCD
 This function uses a non-reentrant model


 *************** function _LCDDat *****************
 Defined at:
		line 58 in file "./lcd.h"
 Parameters:    Size  Location     Type
  dat             1    wreg     unsigned char 
 Auto vars:     Size  Location     Type
  dat             1    1[BANK0 ] unsigned char 
 Return value:  Size  Location     Type
                  1    wreg      void 
 Registers used:
		wreg
 Tracked objects:
		On entry : 
		On exit  : 
		Unchanged: 
 Data sizes:     COMRAM   BANK0   BANK1   BANK2   BANK3   BANK4   BANK5   BANK6   BANK7   BANK8   BANK9  BANK10  BANK11  BANK12  BANK13  BANK14  BANK15
      Params:         0       0       0       0       0       0       0       0       0       0       0       0       0       0       0       0       0
      Locals:         0       1       0       0       0       0       0       0       0       0       0       0       0       0       0       0       0
      Temps:          0       1       0       0       0       0       0       0       0       0       0       0       0       0       0       0       0
      Totals:         0       2       0       0       0       0       0       0       0       0       0       0       0       0       0       0       0
Total ram usage:        2 bytes
 Hardware stack levels used:    1
 Hardware stack levels required when called:    3
 This function calls:
		Nothing
 This function is called by:
		_LCDAddSpecialCharacter
		_main
		_LCDStr
 This function uses a non-reentrant model


 *************** function _InitLCD *****************
 Defined at:
		line 108 in file "./lcd.h"
 Parameters:    Size  Location     Type
		None
 Auto vars:     Size  Location     Type
		None
 Return value:  Size  Location     Type
                  1    wreg      void 
 Registers used:
		wreg, status,2, cstack
 Tracked objects:
		On entry : 
		On exit  : 
		Unchanged: 
 Data sizes:     COMRAM   BANK0   BANK1   BANK2   BANK3   BANK4   BANK5   BANK6   BANK7   BANK8   BANK9  BANK10  BANK11  BANK12  BANK13  BANK14  BANK15
      Params:         0       0       0       0       0       0       0       0       0       0       0       0       0       0       0       0       0
      Locals:         0       0       0       0       0       0       0       0       0       0       0       0       0       0       0       0       0
      Temps:          0       0       0       0       0       0       0       0       0       0       0       0       0       0       0       0       0
      Totals:         0       0       0       0       0       0       0       0       0       0       0       0       0       0       0       0       0
Total ram usage:        0 bytes
 Hardware stack levels used:    1
 Hardware stack levels required when called:    4
 This function calls:
		_LCDCmd
 This function is called by:
		_setLCD
 This function uses a non-reentrant model


 *************** function _set7Segment *****************
 Defined at:
		line 108 in file "main.c"
 Parameters:    Size  Location     Type
		None
 Auto vars:     Size  Location     Type
		None
 Return value:  Size  Location     Type
                  1    wreg      void 
 Registers used:
		wreg, status,2
 Tracked objects:
		On entry : 
		On exit  : 
		Unchanged: 
 Data sizes:     COMRAM   BANK0   BANK1   BANK2   BANK3   BANK4   BANK5   BANK6   BANK7   BANK8   BANK9  BANK10  BANK11  BANK12  BANK13  BANK14  BANK15
      Params:         0       0       0       0       0       0       0       0       0       0       0       0       0       0       0       0       0
      Locals:         0       0       0       0       0       0       0       0       0       0       0       0       0       0       0       0       0
      Temps:          0       0       0       0       0       0       0       0       0       0       0       0       0       0       0       0       0
      Totals:         0       0       0       0       0       0       0       0       0       0       0       0       0       0       0       0       0
Total ram usage:        0 bytes
 Hardware stack levels used:    1
 Hardware stack levels required when called:    3
 This function calls:
		Nothing
 This function is called by:
		_main
 This function uses a non-reentrant model


 *************** function _LCDGoto *****************
 Defined at:
		line 72 in file "./lcd.h"
 Parameters:    Size  Location     Type
  p_2             1    wreg     unsigned char 
  p_1             1    2[BANK0 ] unsigned char 
 Auto vars:     Size  Location     Type
  p_2             1    3[BANK0 ] unsigned char 
 Return value:  Size  Location     Type
                  1    wreg      void 
 Registers used:
		wreg, status,2, status,0, cstack
 Tracked objects:
		On entry : 
		On exit  : 
		Unchanged: 
 Data sizes:     COMRAM   BANK0   BANK1   BANK2   BANK3   BANK4   BANK5   BANK6   BANK7   BANK8   BANK9  BANK10  BANK11  BANK12  BANK13  BANK14  BANK15
      Params:         0       1       0       0       0       0       0       0       0       0       0       0       0       0       0       0       0
      Locals:         0       1       0       0       0       0       0       0       0       0       0       0       0       0       0       0       0
      Temps:          0       0       0       0       0       0       0       0       0       0       0       0       0       0       0       0       0
      Totals:         0       2       0       0       0       0       0       0       0       0       0       0       0       0       0       0       0
Total ram usage:        2 bytes
 Hardware stack levels used:    1
 Hardware stack levels required when called:    4
 This function calls:
		_LCDCmd
 This function is called by:
		_main
 This function uses a non-reentrant model


 *************** function _LCDCmd *****************
 Defined at:
		line 48 in file "./lcd.h"
 Parameters:    Size  Location     Type
  cmd             1    wreg     unsigned char 
 Auto vars:     Size  Location     Type
  cmd             1    1[BANK0 ] unsigned char 
 Return value:  Size  Location     Type
                  1    wreg      void 
 Registers used:
		wreg
 Tracked objects:
		On entry : 
		On exit  : 
		Unchanged: 
 Data sizes:     COMRAM   BANK0   BANK1   BANK2   BANK3   BANK4   BANK5   BANK6   BANK7   BANK8   BANK9  BANK10  BANK11  BANK12  BANK13  BANK14  BANK15
      Params:         0       0       0       0       0       0       0       0       0       0       0       0       0       0       0       0       0
      Locals:         0       1       0       0       0       0       0       0       0       0       0       0       0       0       0       0       0
      Temps:          0       1       0       0       0       0       0       0       0       0       0       0       0       0       0       0       0
      Totals:         0       2       0       0       0       0       0       0       0       0       0       0       0       0       0       0       0
Total ram usage:        2 bytes
 Hardware stack levels used:    1
 Hardware stack levels required when called:    3
 This function calls:
		Nothing
 This function is called by:
		_LCDGoto
		_InitLCD
		_LCDAddSpecialCharacter
 This function uses a non-reentrant model


 *************** function _FNC *****************
 Defined at:
		line 39 in file "main.c"
 Parameters:    Size  Location     Type
		None
 Auto vars:     Size  Location     Type
  number_of_st    2    0        unsigned short 
  i               2   42[COMRAM] int 
 Return value:  Size  Location     Type
                  1    wreg      void 
 Registers used:
		wreg, fsr2l, fsr2h, status,2, status,0, prodl, prodh, cstack
 Tracked objects:
		On entry : 
		On exit  : 
		Unchanged: 
 Data sizes:     COMRAM   BANK0   BANK1   BANK2   BANK3   BANK4   BANK5   BANK6   BANK7   BANK8   BANK9  BANK10  BANK11  BANK12  BANK13  BANK14  BANK15
      Params:         0       0       0       0       0       0       0       0       0       0       0       0       0       0       0       0       0
      Locals:         4       0       0       0       0       0       0       0       0       0       0       0       0       0       0       0       0
      Temps:          6       0       0       0       0       0       0       0       0       0       0       0       0       0       0       0       0
      Totals:        10       0       0       0       0       0       0       0       0       0       0       0       0       0       0       0       0
Total ram usage:       10 bytes
 Hardware stack levels used:    1
 Hardware stack levels required when called:    2
 This function calls:
		___wmul
		_compute_frisbee_target_and_route
 This function is called by:
		Interrupt level 2
 This function uses a non-reentrant model


 *************** function _compute_frisbee_target_and_route *****************
 Defined at:
		line 117 in file "./the3.h"
 Parameters:    Size  Location     Type
  current_fisb    2    2[COMRAM] unsigned short 
  current_fisb    2    4[COMRAM] unsigned short 
 Auto vars:     Size  Location     Type
  i               2   16[COMRAM] unsigned short 
  i               2   14[COMRAM] unsigned short 
  i               2   10[COMRAM] unsigned short 
  i               2    8[COMRAM] unsigned short 
  i               2   18[COMRAM] unsigned short 
  i               2   12[COMRAM] unsigned short 
  y_step_size     2   32[COMRAM] unsigned short 
  x_step_size     2   30[COMRAM] unsigned short 
  y               2   28[COMRAM] unsigned short 
  x               2   26[COMRAM] unsigned short 
  target_y        2   24[COMRAM] unsigned short 
  target_x        2   22[COMRAM] unsigned short 
  number_of_st    2   20[COMRAM] unsigned short 
 Return value:  Size  Location     Type
                  2    2[COMRAM] unsigned short 
 Registers used:
		wreg, fsr2l, fsr2h, status,2, status,0, cstack
 Tracked objects:
		On entry : 
		On exit  : 
		Unchanged: 
 Data sizes:     COMRAM   BANK0   BANK1   BANK2   BANK3   BANK4   BANK5   BANK6   BANK7   BANK8   BANK9  BANK10  BANK11  BANK12  BANK13  BANK14  BANK15
      Params:         4       0       0       0       0       0       0       0       0       0       0       0       0       0       0       0       0
      Locals:        26       0       0       0       0       0       0       0       0       0       0       0       0       0       0       0       0
      Temps:          2       0       0       0       0       0       0       0       0       0       0       0       0       0       0       0       0
      Totals:        32       0       0       0       0       0       0       0       0       0       0       0       0       0       0       0       0
Total ram usage:       32 bytes
 Hardware stack levels used:    1
 Hardware stack levels required when called:    1
 This function calls:
		_random_generator
 This function is called by:
		_FNC
 This function uses a non-reentrant model


 *************** function _random_generator *****************
 Defined at:
		line 203 in file "./the3.h"
 Parameters:    Size  Location     Type
  modulo          2    0[COMRAM] unsigned short 
 Auto vars:     Size  Location     Type
		None
 Return value:  Size  Location     Type
                  2    0[COMRAM] unsigned short 
 Registers used:
		None
 Tracked objects:
		On entry : 
		On exit  : 
		Unchanged: 
 Data sizes:     COMRAM   BANK0   BANK1   BANK2   BANK3   BANK4   BANK5   BANK6   BANK7   BANK8   BANK9  BANK10  BANK11  BANK12  BANK13  BANK14  BANK15
      Params:         2       0       0       0       0       0       0       0       0       0       0       0       0       0       0       0       0
      Locals:         0       0       0       0       0       0       0       0       0       0       0       0       0       0       0       0       0
      Temps:          0       0       0       0       0       0       0       0       0       0       0       0       0       0       0       0       0
      Totals:         2       0       0       0       0       0       0       0       0       0       0       0       0       0       0       0       0
Total ram usage:        2 bytes
 Hardware stack levels used:    1
 This function calls:
		Nothing
 This function is called by:
		_compute_frisbee_target_and_route
 This function uses a non-reentrant model


 *************** function ___wmul *****************
 Defined at:
		line 15 in file "/Applications/microchip/xc8/v2.30/pic/sources/c99/common/Umul16.c"
 Parameters:    Size  Location     Type
  multiplier      2    0[COMRAM] unsigned int 
  multiplicand    2    2[COMRAM] unsigned int 
 Auto vars:     Size  Location     Type
  product         2    4[COMRAM] unsigned int 
 Return value:  Size  Location     Type
                  2    0[COMRAM] unsigned int 
 Registers used:
		wreg, status,2, status,0, prodl, prodh
 Tracked objects:
		On entry : 
		On exit  : 
		Unchanged: 
 Data sizes:     COMRAM   BANK0   BANK1   BANK2   BANK3   BANK4   BANK5   BANK6   BANK7   BANK8   BANK9  BANK10  BANK11  BANK12  BANK13  BANK14  BANK15
      Params:         4       0       0       0       0       0       0       0       0       0       0       0       0       0       0       0       0
      Locals:         2       0       0       0       0       0       0       0       0       0       0       0       0       0       0       0       0
      Temps:          0       0       0       0       0       0       0       0       0       0       0       0       0       0       0       0       0
      Totals:         6       0       0       0       0       0       0       0       0       0       0       0       0       0       0       0       0
Total ram usage:        6 bytes
 Hardware stack levels used:    1
 This function calls:
		Nothing
 This function is called by:
		_FNC
 This function uses a non-reentrant model



MODULE INFORMATION

Module		Function		Class		Link	Load	Size
/Applications/microchip/xc8/v2.30/pic/sources/c99/common/Umul16.c
		___wmul        		CODE           	08C2	0000	38

/Applications/microchip/xc8/v2.30/pic/sources/c99/common/Umul16.c estimated size: 38

./lcd.h
		_LCDCmd        		CODE           	0890	0000	50
		_InitLCD       		CODE           	085E	0000	50
		_LCDDat        		CODE           	082A	0000	52
		_LCDAddSpecialCharacter		CODE           	07EA	0000	64
		_LCDGoto       		CODE           	06A6	0000	120

./lcd.h estimated size: 336

./the3.h
		_compute_frisbee_target_and_route		CODE           	0012	0000	856
		_random_generator		CODE           	08FC	0000	2

./the3.h estimated size: 858

shared
		__initialization		CODE           	0788	0000	88

shared estimated size: 88

main.c
		_set7Segment   		CODE           	08E8	0000	12
		_main          		CODE           	036A	0000	424
		_FNC           		CODE           	0008	0000	276
		_setLCD        		CODE           	0620	0000	134

main.c estimated size: 846

